// Jest Snapshot v1, https://goo.gl/fbAQLP

exports[`AppLayout Component matches snapshot 1`] = `
<DocumentFragment>
  <div
    class="app-layout"
    style="min-width: 1200px;"
  >
    <nav>
      Mock Navbar
    </nav>
     
    <main
      class="app-content"
    >
      <div>
        Child content here
      </div>
       
    </main>
  </div>
</DocumentFragment>
`;
